{
  "task_name": "find_the_plate",
  "task_description": "Remove the objects over the plate and expose the plate to the air, and you should only use right arm to accomplish the task.                        The plate is randomly placed on the table, and there may be one or more objects randomly placed on the plate, which may obstruct access to the plate.                        You should place the plate where no object occupies. If the task keeps failing, it might be caused by place_actor and planners' Inverse Kinemetics Error, which hints that                         the target pose should be adapt.                        You should move the mug_1 first. You might keep the pose of the mugs before and after the placement, but if it is not always necessary.                        Note: You need to make sure that there is no object on the plate at the end of the task.\nFailed to generate code, error message: Plan execution failed, error count: 10\nThe error may be caused by: \n1. pre_dis_axis is not set correctly in the place_actor function; \n2. the functional point is not set correctly in the place_actor function; \n3. The pre_dis or dis is not set correctly in the place_actor function;\n4. The constrain is not set correctly in the place_actor function, free or align is not constantly fixed, if the code did not have above error, please try to set the constrain to another value.\n5. The code didn't take into account the note given in the example function.\nThe task can be accomplished only through the existing API and example function, please do not use any other API that is not listed in the available API list and examples.\n",
  "best_success_rate": 0,
  "success_rates": [
    0.0,
    0.0,
    0.0,
    0.0,
    0.0
  ],
  "best_code": null,
  "best_run_records": null,
  "all_attempts": [
    {
      "attempt_id": 1,
      "success_rate": 0.0,
      "error_message": "Plan execution failed",
      "error_count": 9,
      "code": "from envs._base_task import Base_Task\nfrom envs.find_the_plate import find_the_plate\nfrom envs.utils import *\nimport sapien\n\nclass gpt_find_the_plate(find_the_plate):\n    def play_once(self):\n        # Use only right arm as specified in task description\n        right_arm = ArmTag(\"right\")\n        \n        # Initial observation\n        self.save_camera_images(task_name=\"find_the_plate\", step_name=\"step1_initial_scene\", generate_num_id=\"generate_num_0\")\n        \n        # Get plate's functional point for placement reference\n        plate_center_pose = self.plate.get_functional_point(0, \"pose\")\n        \n        # First, move mug_1 away from the plate\n        # Grasp mug_1 with right arm\n        self.move(\n            self.grasp_actor(\n                actor=self.mug_1,\n                arm_tag=right_arm,\n                pre_grasp_dis=0.1,\n                grasp_dis=0\n            )\n        )\n        \n        # Observation after grasping mug_1\n        self.save_camera_images(task_name=\"find_the_plate\", step_name=\"step2_mug1_grasped\", generate_num_id=\"generate_num_0\")\n        \n        # Lift mug_1 up to avoid collision\n        self.move(\n            self.move_by_displacement(\n                arm_tag=right_arm,\n                z=0.1,\n                move_axis='world'\n            )\n        )\n        \n        # Move mug_1 to a safe location away from plate\n        # Create a target pose away from the plate (offset by 0.3 meters in x and y)\n        mug1_target_pose = [\n            plate_center_pose.p[0] + 0.3,  # x offset\n            plate_center_pose.p[1] + 0.3,  # y offset  \n            plate_center_pose.p[2],        # same height as plate\n            plate_center_pose.q[0],        # qw\n            plate_center_pose.q[1],        # qx\n            plate_center_pose.q[2],        # qy\n            plate_center_pose.q[3]         # qz\n        ]\n        \n        # Place mug_1 at the safe location\n        self.move(\n            self.place_actor(\n                actor=self.mug_1,\n                arm_tag=right_arm,\n                target_pose=mug1_target_pose,\n                functional_point_id=1,  # Use bottom functional point for stable placement\n                pre_dis=0.1,\n                dis=0.02,\n                is_open=True,\n                constrain=\"free\",\n                pre_dis_axis='fp'\n            )\n        )\n        \n        # Observation after placing mug_1 away from plate\n        self.save_camera_images(task_name=\"find_the_plate\", step_name=\"step3_mug1_placed\", generate_num_id=\"generate_num_0\")\n        \n        # Lift gripper up after placing\n        self.move(\n            self.move_by_displacement(\n                arm_tag=right_arm,\n                z=0.07,\n                move_axis='world'\n            )\n        )\n        \n        # Check if mug_2 is also on the plate and needs to be moved\n        mug2_pose = self.mug_2.get_pose()\n        plate_center_pos = plate_center_pose.p\n        \n        # Simple distance check to see if mug_2 is on/near the plate\n        distance = ((mug2_pose.p[0] - plate_center_pos[0])**2 + \n                   (mug2_pose.p[1] - plate_center_pos[1])**2)**0.5\n        \n        if distance < 0.2:  # If mug_2 is within 20cm of plate center, move it too\n            # Grasp mug_2 with right arm\n            self.move(\n                self.grasp_actor(\n                    actor=self.mug_2,\n                    arm_tag=right_arm,\n                    pre_grasp_dis=0.1,\n                    grasp_dis=0\n                )\n            )\n            \n            # Observation after grasping mug_2\n            self.save_camera_images(task_name=\"find_the_plate\", step_name=\"step4_mug2_grasped\", generate_num_id=\"generate_num_0\")\n            \n            # Lift mug_2 up\n            self.move(\n                self.move_by_displacement(\n                    arm_tag=right_arm,\n                    z=0.1,\n                    move_axis='world'\n                )\n            )\n            \n            # Move mug_2 to a different safe location\n            mug2_target_pose = [\n                plate_center_pose.p[0] - 0.3,  # x offset in opposite direction\n                plate_center_pose.p[1] - 0.3,  # y offset in opposite direction\n                plate_center_pose.p[2],        # same height as plate\n                plate_center_pose.q[0],        # qw\n                plate_center_pose.q[1],        # qx\n                plate_center_pose.q[2],        # qy\n                plate_center_pose.q[3]         # qz\n            ]\n            \n            # Place mug_2 at the safe location\n            self.move(\n                self.place_actor(\n                    actor=self.mug_2,\n                    arm_tag=right_arm,\n                    target_pose=mug2_target_pose,\n                    functional_point_id=1,  # Use bottom functional point\n                    pre_dis=0.1,\n                    dis=0.02,\n                    is_open=True,\n                    constrain=\"free\",\n                    pre_dis_axis='fp'\n                )\n            )\n            \n            # Observation after placing mug_2 away from plate\n            self.save_camera_images(task_name=\"find_the_plate\", step_name=\"step5_mug2_placed\", generate_num_id=\"generate_num_0\")\n            \n            # Lift gripper up after placing\n            self.move(\n                self.move_by_displacement(\n                    arm_tag=right_arm,\n                    z=0.07,\n                    move_axis='world'\n                )\n            )\n        \n        # Return right arm to origin position\n        self.move(self.back_to_origin(arm_tag=right_arm))\n        \n        # Verify plate is clear by checking if gripper can reach plate center without collision\n        # This serves as a final check that the plate is exposed\n        self.move(\n            self.grasp_actor(\n                actor=self.plate,\n                arm_tag=right_arm,\n                pre_grasp_dis=0.15,  # Approach but don't grasp\n                grasp_dis=0\n            )\n        )\n        \n        # Return to origin without grasping\n        self.move(self.back_to_origin(arm_tag=right_arm))\n        \n        # Final observation\n        self.save_camera_images(task_name=\"find_the_plate\", step_name=\"step6_final_scene\", generate_num_id=\"generate_num_0\")\n\n'''\nObservation Point Analysis:\n1. Initial scene state\n2. After grasping mug_1\n3. After placing mug_1 away from plate\n4. After grasping mug_2 (if applicable)\n5. After placing mug_2 away from plate (if applicable)\n6. Final scene state\n'''\n",
      "run_records": [
        "Plan execution failed",
        "Plan execution failed",
        "Plan execution failed",
        "Plan execution failed",
        "Error: target_pose cannot be None for move action.",
        "Plan execution failed",
        "Plan execution failed",
        "Plan execution failed",
        "Plan execution failed",
        "Plan execution failed"
      ]
    },
    {
      "attempt_id": 2,
      "success_rate": 0.0,
      "error_message": "Plan execution failed",
      "error_count": 9,
      "code": "from envs._base_task import Base_Task\nfrom envs.find_the_plate import find_the_plate\nfrom envs.utils import *\nimport sapien\n\nclass gpt_find_the_plate(find_the_plate):\n    def play_once(self):\n        # Use only right arm as specified\n        right_arm = ArmTag(\"right\")\n        \n        # Initial observation\n        self.save_camera_images(task_name=\"find_the_plate\", step_name=\"step1_initial_scene\", generate_num_id=\"generate_num_1\")\n        \n        # Get plate position to determine placement area away from plate\n        plate_pose = self.plate.get_pose()\n        plate_position = plate_pose.p\n        \n        # Create target positions away from the plate (0.3 meters in x and y directions)\n        mug1_target_position = [plate_position[0] + 0.3, plate_position[1] + 0.3, plate_position[2]]\n        mug2_target_position = [plate_position[0] - 0.3, plate_position[1] - 0.3, plate_position[2]]\n        \n        # Move mug_1 first as specified\n        # Grasp mug_1\n        self.move(\n            self.grasp_actor(\n                actor=self.mug_1,\n                arm_tag=right_arm,\n                pre_grasp_dis=0.1,\n                grasp_dis=0\n            )\n        )\n        \n        # Observation after grasping mug_1\n        self.save_camera_images(task_name=\"find_the_plate\", step_name=\"step2_mug1_grasped\", generate_num_id=\"generate_num_1\")\n        \n        # Lift mug_1 up to avoid collision\n        self.move(\n            self.move_by_displacement(\n                arm_tag=right_arm,\n                z=0.1,\n                move_axis='world'\n            )\n        )\n        \n        # Place mug_1 away from plate\n        # Create target pose with same orientation as plate but different position\n        target_pose_mug1 = [mug1_target_position[0], mug1_target_position[1], mug1_target_position[2], \n                           plate_pose.q[0], plate_pose.q[1], plate_pose.q[2], plate_pose.q[3]]\n        \n        self.move(\n            self.place_actor(\n                actor=self.mug_1,\n                arm_tag=right_arm,\n                target_pose=target_pose_mug1,\n                functional_point_id=1,  # Use bottom functional point for placement\n                pre_dis=0.1,\n                dis=0.02,\n                is_open=True,\n                constrain=\"free\",\n                pre_dis_axis='fp'\n            )\n        )\n        \n        # Observation after placing mug_1 away from plate\n        self.save_camera_images(task_name=\"find_the_plate\", step_name=\"step3_mug1_placed\", generate_num_id=\"generate_num_1\")\n        \n        # Lift gripper after placing\n        self.move(\n            self.move_by_displacement(\n                arm_tag=right_arm,\n                z=0.1,\n                move_axis='world'\n            )\n        )\n        \n        # Move mug_2\n        # Grasp mug_2\n        self.move(\n            self.grasp_actor(\n                actor=self.mug_2,\n                arm_tag=right_arm,\n                pre_grasp_dis=0.1,\n                grasp_dis=0\n            )\n        )\n        \n        # Observation after grasping mug_2\n        self.save_camera_images(task_name=\"find_the_plate\", step_name=\"step4_mug2_grasped\", generate_num_id=\"generate_num_1\")\n        \n        # Lift mug_2 up to avoid collision\n        self.move(\n            self.move_by_displacement(\n                arm_tag=right_arm,\n                z=0.1,\n                move_axis='world'\n            )\n        )\n        \n        # Place mug_2 away from plate\n        # Create target pose with same orientation as plate but different position\n        target_pose_mug2 = [mug2_target_position[0], mug2_target_position[1], mug2_target_position[2], \n                           plate_pose.q[0], plate_pose.q[1], plate_pose.q[2], plate_pose.q[3]]\n        \n        self.move(\n            self.place_actor(\n                actor=self.mug_2,\n                arm_tag=right_arm,\n                target_pose=target_pose_mug2,\n                functional_point_id=1,  # Use bottom functional point for placement\n                pre_dis=0.1,\n                dis=0.02,\n                is_open=True,\n                constrain=\"free\",\n                pre_dis_axis='fp'\n            )\n        )\n        \n        # Observation after placing mug_2 away from plate\n        self.save_camera_images(task_name=\"find_the_plate\", step_name=\"step5_mug2_placed\", generate_num_id=\"generate_num_1\")\n        \n        # Lift gripper after placing\n        self.move(\n            self.move_by_displacement(\n                arm_tag=right_arm,\n                z=0.1,\n                move_axis='world'\n            )\n        )\n        \n        # Return arm to origin\n        self.move(self.back_to_origin(arm_tag=right_arm))\n        \n        # Final observation\n        self.save_camera_images(task_name=\"find_the_plate\", step_name=\"step6_final_scene\", generate_num_id=\"generate_num_1\")\n\n'''\nObservation Point Analysis:\n1. Initial scene state\n2. After grasping mug_1\n3. After placing mug_1 away from plate\n4. After grasping mug_2\n5. After placing mug_2 away from plate\n6. Final scene state\n'''\n",
      "run_records": [
        "Plan execution failed",
        "Plan execution failed",
        "Plan execution failed",
        "Plan execution failed",
        "Plan execution failed",
        "Plan execution failed",
        "Plan execution failed",
        "Plan execution failed",
        "Plan execution failed",
        "Error: target_pose cannot be None for move action."
      ]
    },
    {
      "attempt_id": 3,
      "success_rate": 0.0,
      "error_message": "Plan execution failed",
      "error_count": 9,
      "code": "from envs._base_task import Base_Task\nfrom envs.find_the_plate import find_the_plate\nfrom envs.utils import *\nimport sapien\n\nclass gpt_find_the_plate(find_the_plate):\n    def play_once(self):\n        # Use only right arm as specified\n        right_arm = ArmTag(\"right\")\n        \n        # Initial observation\n        self.save_camera_images(task_name=\"find_the_plate\", step_name=\"step1_initial_scene\", generate_num_id=\"generate_num_2\")\n        \n        # Get plate position to determine placement area away from plate\n        plate_pose = self.plate.get_pose()\n        plate_position = plate_pose.p\n        \n        # Create target positions away from the plate (0.3 meters in x and y directions)\n        mug1_target_position = [plate_position[0] + 0.3, plate_position[1] + 0.3, plate_position[2]]\n        mug2_target_position = [plate_position[0] - 0.3, plate_position[1] - 0.3, plate_position[2]]\n        \n        # Create target poses with same orientation as plate\n        mug1_target_pose = [mug1_target_position[0], mug1_target_position[1], mug1_target_position[2], \n                           plate_pose.q[0], plate_pose.q[1], plate_pose.q[2], plate_pose.q[3]]\n        mug2_target_pose = [mug2_target_position[0], mug2_target_position[1], mug2_target_position[2], \n                           plate_pose.q[0], plate_pose.q[1], plate_pose.q[2], plate_pose.q[3]]\n        \n        # Move mug_1 first as specified\n        # Grasp mug_1\n        self.move(\n            self.grasp_actor(\n                actor=self.mug_1,\n                arm_tag=right_arm,\n                pre_grasp_dis=0.1,\n                grasp_dis=0\n            )\n        )\n        \n        # Observation after grasping mug_1\n        self.save_camera_images(task_name=\"find_the_plate\", step_name=\"step2_mug1_grasped\", generate_num_id=\"generate_num_2\")\n        \n        # Lift mug_1 up to avoid collision\n        self.move(\n            self.move_by_displacement(\n                arm_tag=right_arm,\n                z=0.1,\n                move_axis='world'\n            )\n        )\n        \n        # Place mug_1 away from plate\n        self.move(\n            self.place_actor(\n                actor=self.mug_1,\n                arm_tag=right_arm,\n                target_pose=mug1_target_pose,\n                functional_point_id=1,  # Use bottom functional point for placement\n                pre_dis=0.1,\n                dis=0.02,\n                is_open=True,\n                constrain=\"free\",  # Try free constraint first\n                pre_dis_axis='fp'  # Use functional point direction\n            )\n        )\n        \n        # Observation after placing mug_1 away from plate\n        self.save_camera_images(task_name=\"find_the_plate\", step_name=\"step3_mug1_placed\", generate_num_id=\"generate_num_2\")\n        \n        # Lift gripper after placing\n        self.move(\n            self.move_by_displacement(\n                arm_tag=right_arm,\n                z=0.1,\n                move_axis='world'\n            )\n        )\n        \n        # Move mug_2\n        # Grasp mug_2\n        self.move(\n            self.grasp_actor(\n                actor=self.mug_2,\n                arm_tag=right_arm,\n                pre_grasp_dis=0.1,\n                grasp_dis=0\n            )\n        )\n        \n        # Observation after grasping mug_2\n        self.save_camera_images(task_name=\"find_the_plate\", step_name=\"step4_mug2_grasped\", generate_num_id=\"generate_num_2\")\n        \n        # Lift mug_2 up to avoid collision\n        self.move(\n            self.move_by_displacement(\n                arm_tag=right_arm,\n                z=0.1,\n                move_axis='world'\n            )\n        )\n        \n        # Place mug_2 away from plate\n        self.move(\n            self.place_actor(\n                actor=self.mug_2,\n                arm_tag=right_arm,\n                target_pose=mug2_target_pose,\n                functional_point_id=1,  # Use bottom functional point for placement\n                pre_dis=0.1,\n                dis=0.02,\n                is_open=True,\n                constrain=\"free\",  # Try free constraint first\n                pre_dis_axis='fp'  # Use functional point direction\n            )\n        )\n        \n        # Observation after placing mug_2 away from plate\n        self.save_camera_images(task_name=\"find_the_plate\", step_name=\"step5_mug2_placed\", generate_num_id=\"generate_num_2\")\n        \n        # Lift gripper after placing\n        self.move(\n            self.move_by_displacement(\n                arm_tag=right_arm,\n                z=0.1,\n                move_axis='world'\n            )\n        )\n        \n        # Return arm to origin\n        self.move(self.back_to_origin(arm_tag=right_arm))\n        \n        # Final observation\n        self.save_camera_images(task_name=\"find_the_plate\", step_name=\"step6_final_scene\", generate_num_id=\"generate_num_2\")\n\n'''\nObservation Point Analysis:\n1. Initial scene state\n2. After grasping mug_1\n3. After placing mug_1 away from plate\n4. After grasping mug_2\n5. After placing mug_2 away from plate\n6. Final scene state\n'''\n",
      "run_records": [
        "Plan execution failed",
        "Plan execution failed",
        "Plan execution failed",
        "Plan execution failed",
        "Plan execution failed",
        "Plan execution failed",
        "Plan execution failed",
        "Plan execution failed",
        "Plan execution failed",
        "Error: target_pose cannot be None for move action."
      ]
    },
    {
      "attempt_id": 4,
      "success_rate": 0.0,
      "error_message": "Plan execution failed",
      "error_count": 10,
      "code": "from envs._base_task import Base_Task\nfrom envs.find_the_plate import find_the_plate\nfrom envs.utils import *\nimport sapien\n\nclass gpt_find_the_plate(find_the_plate):\n    def play_once(self):\n        # Use only right arm as specified\n        right_arm = ArmTag(\"right\")\n        \n        # Initial observation\n        self.save_camera_images(task_name=\"find_the_plate\", step_name=\"step1_initial_scene\", generate_num_id=\"generate_num_3\")\n        \n        # Get plate position to determine placement area away from plate\n        plate_pose = self.plate.get_pose()\n        plate_position = plate_pose.p\n        \n        # Create target positions away from the plate (0.3 meters away in x and y directions)\n        mug1_target_position = [plate_position[0] + 0.3, plate_position[1] + 0.3, plate_position[2]]\n        mug2_target_position = [plate_position[0] - 0.3, plate_position[1] - 0.3, plate_position[2]]\n        \n        # Create target poses with same orientation as plate (upright)\n        mug1_target_pose = [mug1_target_position[0], mug1_target_position[1], mug1_target_position[2], \n                           plate_pose.q[0], plate_pose.q[1], plate_pose.q[2], plate_pose.q[3]]\n        mug2_target_pose = [mug2_target_position[0], mug2_target_position[1], mug2_target_position[2], \n                           plate_pose.q[0], plate_pose.q[1], plate_pose.q[2], plate_pose.q[3]]\n        \n        # Move mug_1 first as specified\n        # Grasp mug_1\n        self.move(\n            self.grasp_actor(\n                actor=self.mug_1,\n                arm_tag=right_arm,\n                pre_grasp_dis=0.1,\n                grasp_dis=0\n            )\n        )\n        \n        # Observation after grasping mug_1\n        self.save_camera_images(task_name=\"find_the_plate\", step_name=\"step2_mug1_grasped\", generate_num_id=\"generate_num_3\")\n        \n        # Lift mug_1 to avoid collision\n        self.move(\n            self.move_by_displacement(\n                arm_tag=right_arm,\n                z=0.1,\n                move_axis='world'\n            )\n        )\n        \n        # Place mug_1 away from plate\n        self.move(\n            self.place_actor(\n                actor=self.mug_1,\n                arm_tag=right_arm,\n                target_pose=mug1_target_pose,\n                functional_point_id=1,  # Use bottom functional point for stable placement\n                pre_dis=0.1,\n                dis=0.02,\n                is_open=True,\n                constrain=\"free\",  # Try free constraint first\n                pre_dis_axis='fp'\n            )\n        )\n        \n        # Observation after placing mug_1 away from plate\n        self.save_camera_images(task_name=\"find_the_plate\", step_name=\"step3_mug1_placed\", generate_num_id=\"generate_num_3\")\n        \n        # Lift gripper after placing\n        self.move(\n            self.move_by_displacement(\n                arm_tag=right_arm,\n                z=0.1,\n                move_axis='world'\n            )\n        )\n        \n        # Move mug_2\n        # Grasp mug_2\n        self.move(\n            self.grasp_actor(\n                actor=self.mug_2,\n                arm_tag=right_arm,\n                pre_grasp_dis=0.1,\n                grasp_dis=0\n            )\n        )\n        \n        # Observation after grasping mug_2\n        self.save_camera_images(task_name=\"find_the_plate\", step_name=\"step4_mug2_grasped\", generate_num_id=\"generate_num_3\")\n        \n        # Lift mug_2 to avoid collision\n        self.move(\n            self.move_by_displacement(\n                arm_tag=right_arm,\n                z=0.1,\n                move_axis='world'\n            )\n        )\n        \n        # Place mug_2 away from plate\n        self.move(\n            self.place_actor(\n                actor=self.mug_2,\n                arm_tag=right_arm,\n                target_pose=mug2_target_pose,\n                functional_point_id=1,  # Use bottom functional point for stable placement\n                pre_dis=0.1,\n                dis=0.02,\n                is_open=True,\n                constrain=\"free\",  # Try free constraint first\n                pre_dis_axis='fp'\n            )\n        )\n        \n        # Observation after placing mug_2 away from plate\n        self.save_camera_images(task_name=\"find_the_plate\", step_name=\"step5_mug2_placed\", generate_num_id=\"generate_num_3\")\n        \n        # Lift gripper after placing\n        self.move(\n            self.move_by_displacement(\n                arm_tag=right_arm,\n                z=0.1,\n                move_axis='world'\n            )\n        )\n        \n        # Return arm to origin\n        self.move(self.back_to_origin(arm_tag=right_arm))\n        \n        # Final observation\n        self.save_camera_images(task_name=\"find_the_plate\", step_name=\"step6_final_scene\", generate_num_id=\"generate_num_3\")\n\n'''\nObservation Point Analysis:\n1. Initial scene state\n2. After grasping mug_1\n3. After placing mug_1 away from plate\n4. After grasping mug_2\n5. After placing mug_2 away from plate\n6. Final scene state\n'''\n",
      "run_records": [
        "Plan execution failed",
        "Plan execution failed",
        "Plan execution failed",
        "Plan execution failed",
        "Plan execution failed",
        "Plan execution failed",
        "Plan execution failed",
        "Plan execution failed",
        "Plan execution failed",
        "Plan execution failed"
      ]
    },
    {
      "attempt_id": 5,
      "success_rate": 0.0,
      "error_message": "Plan execution failed",
      "error_count": 10,
      "code": "from envs._base_task import Base_Task\nfrom envs.find_the_plate import find_the_plate\nfrom envs.utils import *\nimport sapien\n\nclass gpt_find_the_plate(find_the_plate):\n    def play_once(self):\n        # Use only right arm as specified\n        right_arm = ArmTag(\"right\")\n        \n        # Initial observation\n        self.save_camera_images(task_name=\"find_the_plate\", step_name=\"step1_initial_scene\", generate_num_id=\"generate_num_4\")\n        \n        # Get plate position to calculate safe placement positions\n        plate_pose = self.plate.get_pose()\n        plate_position = plate_pose.p\n        \n        # Calculate safe placement positions away from the plate\n        # Place mugs 0.3 meters away from plate in different directions\n        mug1_target_position = [plate_position[0] + 0.3, plate_position[1], plate_position[2]]\n        mug2_target_position = [plate_position[0] - 0.3, plate_position[1], plate_position[2]]\n        \n        # Create target poses with same orientation as plate\n        mug1_target_pose = [mug1_target_position[0], mug1_target_position[1], mug1_target_position[2], \n                           plate_pose.q[0], plate_pose.q[1], plate_pose.q[2], plate_pose.q[3]]\n        mug2_target_pose = [mug2_target_position[0], mug2_target_position[1], mug2_target_position[2], \n                           plate_pose.q[0], plate_pose.q[1], plate_pose.q[2], plate_pose.q[3]]\n        \n        # Move mug_1 first as specified\n        # Grasp mug_1\n        self.move(\n            self.grasp_actor(\n                actor=self.mug_1,\n                arm_tag=right_arm,\n                pre_grasp_dis=0.1,\n                grasp_dis=0\n            )\n        )\n        \n        # Observation after grasping mug_1\n        self.save_camera_images(task_name=\"find_the_plate\", step_name=\"step2_mug1_grasped\", generate_num_id=\"generate_num_4\")\n        \n        # Lift mug_1 to avoid collision\n        self.move(\n            self.move_by_displacement(\n                arm_tag=right_arm,\n                z=0.1,\n                move_axis='world'\n            )\n        )\n        \n        # Place mug_1 away from plate\n        self.move(\n            self.place_actor(\n                actor=self.mug_1,\n                arm_tag=right_arm,\n                target_pose=mug1_target_pose,\n                functional_point_id=1,  # Use bottom functional point for stable placement\n                pre_dis=0.1,\n                dis=0.02,\n                is_open=True,\n                constrain=\"free\",  # Changed from auto to free for better placement\n                pre_dis_axis='fp'  # Use functional point direction\n            )\n        )\n        \n        # Observation after placing mug_1 away from plate\n        self.save_camera_images(task_name=\"find_the_plate\", step_name=\"step3_mug1_placed\", generate_num_id=\"generate_num_4\")\n        \n        # Lift gripper after placing\n        self.move(\n            self.move_by_displacement(\n                arm_tag=right_arm,\n                z=0.1,\n                move_axis='world'\n            )\n        )\n        \n        # Move mug_2\n        # Grasp mug_2\n        self.move(\n            self.grasp_actor(\n                actor=self.mug_2,\n                arm_tag=right_arm,\n                pre_grasp_dis=0.1,\n                grasp_dis=0\n            )\n        )\n        \n        # Observation after grasping mug_2\n        self.save_camera_images(task_name=\"find_the_plate\", step_name=\"step4_mug2_grasped\", generate_num_id=\"generate_num_4\")\n        \n        # Lift mug_2 to avoid collision\n        self.move(\n            self.move_by_displacement(\n                arm_tag=right_arm,\n                z=0.1,\n                move_axis='world'\n            )\n        )\n        \n        # Place mug_2 away from plate\n        self.move(\n            self.place_actor(\n                actor=self.mug_2,\n                arm_tag=right_arm,\n                target_pose=mug2_target_pose,\n                functional_point_id=1,  # Use bottom functional point for stable placement\n                pre_dis=0.1,\n                dis=0.02,\n                is_open=True,\n                constrain=\"free\",  # Changed from auto to free for better placement\n                pre_dis_axis='fp'  # Use functional point direction\n            )\n        )\n        \n        # Observation after placing mug_2 away from plate\n        self.save_camera_images(task_name=\"find_the_plate\", step_name=\"step5_mug2_placed\", generate_num_id=\"generate_num_4\")\n        \n        # Lift gripper after placing\n        self.move(\n            self.move_by_displacement(\n                arm_tag=right_arm,\n                z=0.1,\n                move_axis='world'\n            )\n        )\n        \n        # Return arm to origin\n        self.move(self.back_to_origin(arm_tag=right_arm))\n        \n        # Final observation\n        self.save_camera_images(task_name=\"find_the_plate\", step_name=\"step6_final_scene\", generate_num_id=\"generate_num_4\")\n\n'''\nObservation Point Analysis:\n1. Initial scene state\n2. After grasping mug_1\n3. After placing mug_1 away from plate\n4. After grasping mug_2\n5. After placing mug_2 away from plate\n6. Final scene state\n'''\n",
      "run_records": [
        "Plan execution failed",
        "Plan execution failed",
        "Plan execution failed",
        "Plan execution failed",
        "Plan execution failed",
        "Plan execution failed",
        "Plan execution failed",
        "Plan execution failed",
        "Plan execution failed",
        "Plan execution failed"
      ]
    }
  ]
}