{
  "task_name": "place_the_apple_into_the_plate",
  "task_description": "place the apple on the plate, just on the plate                        You should accomplish the task only with right hand\nFailed to generate code, error message: Traceback (most recent call last):\n  File \"/home/jerry/code/RoboTwin_franka/code_gen/test_gen_code.py\", line 261, in run\n    TASK_ENV.play_once()\n  File \"/home/jerry/code/RoboTwin_franka/envs_gen/gpt_place_the_apple_into_the_plate.py\", line 19, in play_once\n    self.grasp_actor(\n  File \"/home/jerry/code/RoboTwin_franka/envs/_base_task.py\", line 1236, in grasp_actor\n    Action(arm_tag, \"move\", target_pose=pre_grasp_pose),\n  File \"/home/jerry/code/RoboTwin_franka/envs/utils/action.py\", line 76, in __init__\n    assert (target_pose is not None), \"target_pose cannot be None for move action.\"\nAssertionError: target_pose cannot be None for move action.\n, error count: 10\nThe error may be caused by: \n1. pre_dis_axis is not set correctly in the place_actor function; \n2. the functional point is not set correctly in the place_actor function; \n3. The pre_dis or dis is not set correctly in the place_actor function;\n4. The constrain is not set correctly in the place_actor function, free or align is not constantly fixed, if the code did not have above error, please try to set the constrain to another value.\n5. The code didn't take into account the note given in the example function.\nThe task can be accomplished only through the existing API and example function, please do not use any other API that is not listed in the available API list and examples.\n",
  "best_success_rate": 0,
  "success_rates": [
    0.0,
    0.0,
    0.0,
    0.0,
    0.0
  ],
  "best_code": null,
  "best_run_records": null,
  "all_attempts": [
    {
      "attempt_id": 1,
      "success_rate": 0.0,
      "error_message": "Traceback (most recent call last):\n  File \"/home/jerry/code/RoboTwin_franka/code_gen/test_gen_code.py\", line 261, in run\n    TASK_ENV.play_once()\n  File \"/home/jerry/code/RoboTwin_franka/envs_gen/gpt_place_the_apple_into_the_plate.py\", line 23, in play_once\n    self.grasp_actor(\n  File \"/home/jerry/code/RoboTwin_franka/envs/_base_task.py\", line 1236, in grasp_actor\n    Action(arm_tag, \"move\", target_pose=pre_grasp_pose),\n  File \"/home/jerry/code/RoboTwin_franka/envs/utils/action.py\", line 76, in __init__\n    assert (target_pose is not None), \"target_pose cannot be None for move action.\"\nAssertionError: target_pose cannot be None for move action.\n",
      "error_count": 10,
      "code": "from envs._base_task import Base_Task\nfrom envs.place_the_apple_into_the_plate import place_the_apple_into_the_plate\nfrom envs.utils import *\nimport sapien\n\nclass gpt_place_the_apple_into_the_plate(place_the_apple_into_the_plate):\n    def play_once(self):\n        # Get the apple and plate actors\n        apple = self.apple\n        plate = self.plate\n        \n        # Capture initial scene state\n        self.save_camera_images(task_name=\"place_the_apple_into_the_plate\", step_name=\"step1_initial_scene_state\", generate_num_id=\"generate_num_0\")\n        \n        # Use right arm as specified in the task\n        arm_tag = ArmTag(\"right\")\n        \n        # Get the plate's functional point for placement\n        plate_target_pose = plate.get_functional_point(0, \"pose\")\n        \n        # Grasp the apple with right arm\n        self.move(\n            self.grasp_actor(\n                actor=apple,\n                arm_tag=arm_tag,\n                pre_grasp_dis=0.1,\n                grasp_dis=0\n            )\n        )\n        \n        # Capture state after grasping apple\n        self.save_camera_images(task_name=\"place_the_apple_into_the_plate\", step_name=\"step2_apple_grasped\", generate_num_id=\"generate_num_0\")\n        \n        # Lift the apple up to avoid collision\n        self.move(\n            self.move_by_displacement(\n                arm_tag=arm_tag,\n                z=0.07,\n                move_axis='world'\n            )\n        )\n        \n        # Capture state after lifting apple\n        self.save_camera_images(task_name=\"place_the_apple_into_the_plate\", step_name=\"step3_apple_lifted\", generate_num_id=\"generate_num_0\")\n        \n        # Place the apple on the plate using the plate's functional point\n        self.move(\n            self.place_actor(\n                actor=apple,\n                arm_tag=arm_tag,\n                target_pose=plate_target_pose,\n                functional_point_id=None,  # No functional point on apple, use base alignment\n                pre_dis=0.1,\n                dis=0.02,\n                is_open=True,\n                constrain=\"free\",\n                pre_dis_axis='fp'\n            )\n        )\n        \n        # Capture state after placing apple on plate\n        self.save_camera_images(task_name=\"place_the_apple_into_the_plate\", step_name=\"step4_apple_placed\", generate_num_id=\"generate_num_0\")\n        \n        # Lift the gripper up after placing to avoid collision\n        self.move(\n            self.move_by_displacement(\n                arm_tag=arm_tag,\n                z=0.07,\n                move_axis='world'\n            )\n        )\n        \n        # Capture state after retracting gripper\n        self.save_camera_images(task_name=\"place_the_apple_into_the_plate\", step_name=\"step5_gripper_retracted\", generate_num_id=\"generate_num_0\")\n        \n        # Return the right arm to origin\n        self.move(self.back_to_origin(arm_tag=arm_tag))\n        \n        # Capture final scene state\n        self.save_camera_images(task_name=\"place_the_apple_into_the_plate\", step_name=\"step6_final_scene_state\", generate_num_id=\"generate_num_0\")\n\n'''\nObservation Point Analysis:\n1. initial_scene_state - Capture initial state before any robot actions\n2. apple_grasped - After successfully grasping the apple with the gripper\n3. apple_lifted - After lifting the apple up to avoid collision\n4. apple_placed - After placing the apple on the plate\n5. gripper_retracted - After lifting the gripper up after placement\n6. final_scene_state - Capture final state after task completion\n'''\n",
      "run_records": [
        "Error: target_pose cannot be None for move action.",
        "Error: target_pose cannot be None for move action.",
        "Error: target_pose cannot be None for move action.",
        "Error: target_pose cannot be None for move action.",
        "Error: target_pose cannot be None for move action.",
        "Error: target_pose cannot be None for move action.",
        "Error: target_pose cannot be None for move action.",
        "Error: target_pose cannot be None for move action.",
        "Error: target_pose cannot be None for move action.",
        "Error: target_pose cannot be None for move action."
      ]
    },
    {
      "attempt_id": 2,
      "success_rate": 0.0,
      "error_message": "Traceback (most recent call last):\n  File \"/home/jerry/code/RoboTwin_franka/code_gen/test_gen_code.py\", line 261, in run\n    TASK_ENV.play_once()\n  File \"/home/jerry/code/RoboTwin_franka/envs_gen/gpt_place_the_apple_into_the_plate.py\", line 19, in play_once\n    self.grasp_actor(\n  File \"/home/jerry/code/RoboTwin_franka/envs/_base_task.py\", line 1236, in grasp_actor\n    Action(arm_tag, \"move\", target_pose=pre_grasp_pose),\n  File \"/home/jerry/code/RoboTwin_franka/envs/utils/action.py\", line 76, in __init__\n    assert (target_pose is not None), \"target_pose cannot be None for move action.\"\nAssertionError: target_pose cannot be None for move action.\n",
      "error_count": 10,
      "code": "from envs._base_task import Base_Task\nfrom envs.place_the_apple_into_the_plate import place_the_apple_into_the_plate\nfrom envs.utils import *\nimport sapien\n\nclass gpt_place_the_apple_into_the_plate(place_the_apple_into_the_plate):\n    def play_once(self):\n        # Capture initial scene state\n        self.save_camera_images(task_name=\"place_the_apple_into_the_plate\", step_name=\"step1_initial_scene_state\", generate_num_id=\"generate_num_1\")\n        \n        # Use right arm only as specified in task description\n        arm_tag = ArmTag(\"right\")\n        \n        # Get the plate's functional point pose for placement\n        plate_target_pose = self.plate.get_functional_point(0, \"pose\")\n        \n        # Grasp the apple with right arm\n        self.move(\n            self.grasp_actor(\n                actor=self.apple,\n                arm_tag=arm_tag,\n                pre_grasp_dis=0.1,\n                grasp_dis=0\n            )\n        )\n        \n        # Capture state after grasping apple\n        self.save_camera_images(task_name=\"place_the_apple_into_the_plate\", step_name=\"step2_apple_grasped\", generate_num_id=\"generate_num_1\")\n        \n        # Lift the apple up to avoid collision\n        self.move(\n            self.move_by_displacement(\n                arm_tag=arm_tag,\n                z=0.07,\n                move_axis='world'\n            )\n        )\n        \n        # Capture state after lifting apple\n        self.save_camera_images(task_name=\"place_the_apple_into_the_plate\", step_name=\"step3_apple_lifted\", generate_num_id=\"generate_num_1\")\n        \n        # Place the apple on the plate using the plate's functional point\n        self.move(\n            self.place_actor(\n                actor=self.apple,\n                arm_tag=arm_tag,\n                target_pose=plate_target_pose,\n                functional_point_id=None,  # Apple has no functional points, use base alignment\n                pre_dis=0.1,\n                dis=0.02,\n                is_open=True,\n                constrain=\"free\",  # Use free alignment for general placement\n                pre_dis_axis='fp'  # Use functional point direction from target pose\n            )\n        )\n        \n        # Capture state after placing apple on plate\n        self.save_camera_images(task_name=\"place_the_apple_into_the_plate\", step_name=\"step4_apple_placed\", generate_num_id=\"generate_num_1\")\n        \n        # Lift the gripper up after placing to avoid collision\n        self.move(\n            self.move_by_displacement(\n                arm_tag=arm_tag,\n                z=0.07,\n                move_axis='world'\n            )\n        )\n        \n        # Capture state after retracting gripper\n        self.save_camera_images(task_name=\"place_the_apple_into_the_plate\", step_name=\"step5_gripper_retracted\", generate_num_id=\"generate_num_1\")\n        \n        # Return right arm to origin\n        self.move(self.back_to_origin(arm_tag=arm_tag))\n        \n        # Capture final scene state\n        self.save_camera_images(task_name=\"place_the_apple_into_the_plate\", step_name=\"step6_final_scene_state\", generate_num_id=\"generate_num_1\")\n\n'''\nObservation Point Analysis:\n1. initial_scene_state - Capture initial state before any robot actions\n2. apple_grasped - After successfully grasping the apple with the gripper\n3. apple_lifted - After lifting the apple up to avoid collision\n4. apple_placed - After placing the apple on the plate\n5. gripper_retracted - After lifting the gripper up after placement\n6. final_scene_state - Capture final state after task completion\n'''\n",
      "run_records": [
        "Error: target_pose cannot be None for move action.",
        "Error: target_pose cannot be None for move action.",
        "Error: target_pose cannot be None for move action.",
        "Error: target_pose cannot be None for move action.",
        "Error: target_pose cannot be None for move action.",
        "Error: target_pose cannot be None for move action.",
        "Error: target_pose cannot be None for move action.",
        "Error: target_pose cannot be None for move action.",
        "Error: target_pose cannot be None for move action.",
        "Error: target_pose cannot be None for move action."
      ]
    },
    {
      "attempt_id": 3,
      "success_rate": 0.0,
      "error_message": "Traceback (most recent call last):\n  File \"/home/jerry/code/RoboTwin_franka/code_gen/test_gen_code.py\", line 261, in run\n    TASK_ENV.play_once()\n  File \"/home/jerry/code/RoboTwin_franka/envs_gen/gpt_place_the_apple_into_the_plate.py\", line 19, in play_once\n    self.grasp_actor(\n  File \"/home/jerry/code/RoboTwin_franka/envs/_base_task.py\", line 1236, in grasp_actor\n    Action(arm_tag, \"move\", target_pose=pre_grasp_pose),\n  File \"/home/jerry/code/RoboTwin_franka/envs/utils/action.py\", line 76, in __init__\n    assert (target_pose is not None), \"target_pose cannot be None for move action.\"\nAssertionError: target_pose cannot be None for move action.\n",
      "error_count": 10,
      "code": "from envs._base_task import Base_Task\nfrom envs.place_the_apple_into_the_plate import place_the_apple_into_the_plate\nfrom envs.utils import *\nimport sapien\n\nclass gpt_place_the_apple_into_the_plate(place_the_apple_into_the_plate):\n    def play_once(self):\n        # Capture initial scene state\n        self.save_camera_images(task_name=\"place_the_apple_into_the_plate\", step_name=\"step1_initial_scene_state\", generate_num_id=\"generate_num_2\")\n        \n        # Use only right hand as specified\n        arm_tag = ArmTag(\"right\")\n        \n        # Get the plate's functional point for placement\n        plate_target_pose = self.plate.get_functional_point(0, \"pose\")\n        \n        # Grasp the apple with right hand\n        self.move(\n            self.grasp_actor(\n                actor=self.apple,\n                arm_tag=arm_tag,\n                pre_grasp_dis=0.1,\n                grasp_dis=0\n            )\n        )\n        \n        # Capture state after grasping apple\n        self.save_camera_images(task_name=\"place_the_apple_into_the_plate\", step_name=\"step2_apple_grasped\", generate_num_id=\"generate_num_2\")\n        \n        # Lift the apple up to avoid collisions\n        self.move(\n            self.move_by_displacement(\n                arm_tag=arm_tag,\n                z=0.07,\n                move_axis='world'\n            )\n        )\n        \n        # Capture state after lifting apple\n        self.save_camera_images(task_name=\"place_the_apple_into_the_plate\", step_name=\"step3_apple_lifted\", generate_num_id=\"generate_num_2\")\n        \n        # Place the apple on the plate\n        self.move(\n            self.place_actor(\n                actor=self.apple,\n                arm_tag=arm_tag,\n                target_pose=plate_target_pose,\n                functional_point_id=None,  # Apple has no functional points\n                pre_dis=0.1,\n                dis=0.02,\n                is_open=True,\n                constrain=\"free\",\n                pre_dis_axis='world'  # Use world coordinates for pre-displacement\n            )\n        )\n        \n        # Capture state after placing apple on plate\n        self.save_camera_images(task_name=\"place_the_apple_into_the_plate\", step_name=\"step4_apple_placed\", generate_num_id=\"generate_num_2\")\n        \n        # Lift the gripper up after placing to avoid collision\n        self.move(\n            self.move_by_displacement(\n                arm_tag=arm_tag,\n                z=0.07,\n                move_axis='world'\n            )\n        )\n        \n        # Capture state after retracting gripper\n        self.save_camera_images(task_name=\"place_the_apple_into_the_plate\", step_name=\"step5_gripper_retracted\", generate_num_id=\"generate_num_2\")\n        \n        # Return the right arm to origin\n        self.move(self.back_to_origin(arm_tag=arm_tag))\n        \n        # Capture final scene state\n        self.save_camera_images(task_name=\"place_the_apple_into_the_plate\", step_name=\"step6_final_scene_state\", generate_num_id=\"generate_num_2\")\n\n'''\nObservation Point Analysis:\n1. initial_scene_state - Capture initial state before any robot actions\n2. apple_grasped - After successfully grasping the apple with the gripper\n3. apple_lifted - After lifting the apple up to avoid collision\n4. apple_placed - After placing the apple on the plate\n5. gripper_retracted - After lifting the gripper up after placement\n6. final_scene_state - Capture final state after task completion\n'''\n",
      "run_records": [
        "Error: target_pose cannot be None for move action.",
        "Error: target_pose cannot be None for move action.",
        "Error: target_pose cannot be None for move action.",
        "Error: target_pose cannot be None for move action.",
        "Error: target_pose cannot be None for move action.",
        "Error: target_pose cannot be None for move action.",
        "Error: target_pose cannot be None for move action.",
        "Error: target_pose cannot be None for move action.",
        "Error: target_pose cannot be None for move action.",
        "Error: target_pose cannot be None for move action."
      ]
    },
    {
      "attempt_id": 4,
      "success_rate": 0.0,
      "error_message": "Traceback (most recent call last):\n  File \"/home/jerry/code/RoboTwin_franka/code_gen/test_gen_code.py\", line 261, in run\n    TASK_ENV.play_once()\n  File \"/home/jerry/code/RoboTwin_franka/envs_gen/gpt_place_the_apple_into_the_plate.py\", line 19, in play_once\n    self.grasp_actor(\n  File \"/home/jerry/code/RoboTwin_franka/envs/_base_task.py\", line 1236, in grasp_actor\n    Action(arm_tag, \"move\", target_pose=pre_grasp_pose),\n  File \"/home/jerry/code/RoboTwin_franka/envs/utils/action.py\", line 76, in __init__\n    assert (target_pose is not None), \"target_pose cannot be None for move action.\"\nAssertionError: target_pose cannot be None for move action.\n",
      "error_count": 10,
      "code": "from envs._base_task import Base_Task\nfrom envs.place_the_apple_into_the_plate import place_the_apple_into_the_plate\nfrom envs.utils import *\nimport sapien\n\nclass gpt_place_the_apple_into_the_plate(place_the_apple_into_the_plate):\n    def play_once(self):\n        # Capture initial scene state\n        self.save_camera_images(task_name=\"place_the_apple_into_the_plate\", step_name=\"step1_initial_scene_state\", generate_num_id=\"generate_num_3\")\n        \n        # Use only right hand as specified\n        arm_tag = ArmTag(\"right\")\n        \n        # Get the plate's functional point for placement\n        plate_target_pose = self.plate.get_functional_point(0, \"pose\")\n        \n        # Grasp the apple using contact points (since apple has no functional points)\n        self.move(\n            self.grasp_actor(\n                actor=self.apple,\n                arm_tag=arm_tag,\n                pre_grasp_dis=0.1,\n                grasp_dis=0,\n                contact_point_id=[0]  # Use contact point 0 for grasping\n            )\n        )\n        \n        # Capture state after grasping apple\n        self.save_camera_images(task_name=\"place_the_apple_into_the_plate\", step_name=\"step2_apple_grasped\", generate_num_id=\"generate_num_3\")\n        \n        # Lift the apple up to avoid collisions\n        self.move(\n            self.move_by_displacement(\n                arm_tag=arm_tag,\n                z=0.07,  # Move 7cm upward\n                move_axis='world'\n            )\n        )\n        \n        # Capture state after lifting apple\n        self.save_camera_images(task_name=\"place_the_apple_into_the_plate\", step_name=\"step3_apple_lifted\", generate_num_id=\"generate_num_3\")\n        \n        # Place the apple on the plate\n        self.move(\n            self.place_actor(\n                actor=self.apple,\n                arm_tag=arm_tag,\n                target_pose=plate_target_pose,\n                functional_point_id=None,  # Apple has no functional points\n                pre_dis=0.1,\n                dis=0.02,\n                is_open=True,\n                constrain=\"free\",  # Use free constraint for simple placement\n                pre_dis_axis='world'  # Use world coordinates for pre-displacement\n            )\n        )\n        \n        # Capture state after placing apple on plate\n        self.save_camera_images(task_name=\"place_the_apple_into_the_plate\", step_name=\"step4_apple_placed\", generate_num_id=\"generate_num_3\")\n        \n        # Lift the gripper up after placing to avoid collision\n        self.move(\n            self.move_by_displacement(\n                arm_tag=arm_tag,\n                z=0.07,  # Move 7cm upward\n                move_axis='world'\n            )\n        )\n        \n        # Capture state after retracting gripper\n        self.save_camera_images(task_name=\"place_the_apple_into_the_plate\", step_name=\"step5_gripper_retracted\", generate_num_id=\"generate_num_3\")\n        \n        # Return the arm to origin\n        self.move(self.back_to_origin(arm_tag=arm_tag))\n        \n        # Capture final scene state\n        self.save_camera_images(task_name=\"place_the_apple_into_the_plate\", step_name=\"step6_final_scene_state\", generate_num_id=\"generate_num_3\")\n\n'''\nObservation Point Analysis:\n1. initial_scene_state - Capture initial state before any robot actions\n2. apple_grasped - After successfully grasping the apple with the gripper\n3. apple_lifted - After lifting the apple up to avoid collision\n4. apple_placed - After placing the apple on the plate\n5. gripper_retracted - After lifting the gripper up after placement\n6. final_scene_state - Capture final state after task completion\n'''\n",
      "run_records": [
        "Error: target_pose cannot be None for move action.",
        "Error: target_pose cannot be None for move action.",
        "Error: target_pose cannot be None for move action.",
        "Error: target_pose cannot be None for move action.",
        "Error: target_pose cannot be None for move action.",
        "Error: target_pose cannot be None for move action.",
        "Error: target_pose cannot be None for move action.",
        "Error: target_pose cannot be None for move action.",
        "Error: target_pose cannot be None for move action.",
        "Error: target_pose cannot be None for move action."
      ]
    },
    {
      "attempt_id": 5,
      "success_rate": 0.0,
      "error_message": "Traceback (most recent call last):\n  File \"/home/jerry/code/RoboTwin_franka/code_gen/test_gen_code.py\", line 261, in run\n    TASK_ENV.play_once()\n  File \"/home/jerry/code/RoboTwin_franka/envs_gen/gpt_place_the_apple_into_the_plate.py\", line 19, in play_once\n    self.grasp_actor(\n  File \"/home/jerry/code/RoboTwin_franka/envs/_base_task.py\", line 1236, in grasp_actor\n    Action(arm_tag, \"move\", target_pose=pre_grasp_pose),\n  File \"/home/jerry/code/RoboTwin_franka/envs/utils/action.py\", line 76, in __init__\n    assert (target_pose is not None), \"target_pose cannot be None for move action.\"\nAssertionError: target_pose cannot be None for move action.\n",
      "error_count": 10,
      "code": "from envs._base_task import Base_Task\nfrom envs.place_the_apple_into_the_plate import place_the_apple_into_the_plate\nfrom envs.utils import *\nimport sapien\n\nclass gpt_place_the_apple_into_the_plate(place_the_apple_into_the_plate):\n    def play_once(self):\n        # Capture initial scene state\n        self.save_camera_images(task_name=\"place_the_apple_into_the_plate\", step_name=\"step1_initial_scene_state\", generate_num_id=\"generate_num_4\")\n        \n        # Use right arm only as specified in task description\n        arm_tag = ArmTag(\"right\")\n        \n        # Get the plate's functional point for placement target\n        plate_target_pose = self.plate.get_functional_point(0, \"pose\")\n        \n        # Grasp the apple with right arm\n        self.move(\n            self.grasp_actor(\n                actor=self.apple,\n                arm_tag=arm_tag,\n                pre_grasp_dis=0.1,\n                grasp_dis=0,\n                contact_point_id=[0]  # Use contact point 0 for grasping\n            )\n        )\n        \n        # Capture state after grasping apple\n        self.save_camera_images(task_name=\"place_the_apple_into_the_plate\", step_name=\"step2_apple_grasped\", generate_num_id=\"generate_num_4\")\n        \n        # Lift the apple up to avoid collisions\n        self.move(\n            self.move_by_displacement(\n                arm_tag=arm_tag,\n                z=0.07,  # Move 7cm upward\n                move_axis='world'\n            )\n        )\n        \n        # Capture state after lifting apple\n        self.save_camera_images(task_name=\"place_the_apple_into_the_plate\", step_name=\"step3_apple_lifted\", generate_num_id=\"generate_num_4\")\n        \n        # Place the apple on the plate\n        self.move(\n            self.place_actor(\n                actor=self.apple,\n                arm_tag=arm_tag,\n                target_pose=plate_target_pose,\n                functional_point_id=None,  # Apple has no functional points\n                pre_dis=0.1,\n                dis=0.02,\n                is_open=True,\n                constrain=\"free\",  # Use \"free\" for general placement\n                pre_dis_axis='world'  # Use world coordinates for pre-displacement\n            )\n        )\n        \n        # Capture state after placing apple on plate\n        self.save_camera_images(task_name=\"place_the_apple_into_the_plate\", step_name=\"step4_apple_placed\", generate_num_id=\"generate_num_4\")\n        \n        # Lift the gripper up after placing to avoid collision\n        self.move(\n            self.move_by_displacement(\n                arm_tag=arm_tag,\n                z=0.07,  # Move 7cm upward\n                move_axis='world'\n            )\n        )\n        \n        # Capture state after retracting gripper\n        self.save_camera_images(task_name=\"place_the_apple_into_the_plate\", step_name=\"step5_gripper_retracted\", generate_num_id=\"generate_num_4\")\n        \n        # Return the arm to origin\n        self.move(self.back_to_origin(arm_tag=arm_tag))\n        \n        # Capture final scene state\n        self.save_camera_images(task_name=\"place_the_apple_into_the_plate\", step_name=\"step6_final_scene_state\", generate_num_id=\"generate_num_4\")\n\n'''\nObservation Point Analysis:\n1. initial_scene_state - Capture initial state before any robot actions\n2. apple_grasped - After successfully grasping the apple with the gripper\n3. apple_lifted - After lifting the apple up to avoid collision\n4. apple_placed - After placing the apple on the plate\n5. gripper_retracted - After lifting the gripper up after placement\n6. final_scene_state - Capture final state after task completion\n'''\n",
      "run_records": [
        "Error: target_pose cannot be None for move action.",
        "Error: target_pose cannot be None for move action.",
        "Error: target_pose cannot be None for move action.",
        "Error: target_pose cannot be None for move action.",
        "Error: target_pose cannot be None for move action.",
        "Error: target_pose cannot be None for move action.",
        "Error: target_pose cannot be None for move action.",
        "Error: target_pose cannot be None for move action.",
        "Error: target_pose cannot be None for move action.",
        "Error: target_pose cannot be None for move action."
      ]
    }
  ]
}